573103888754:ENCOLADO ans_3a6b3171-eaeb-4d93-b61d-383872b8093b
EJECUTANDO:ans_3a6b3171-eaeb-4d93-b61d-383872b8093b
573103888754:SUCCESS
573103888754:ENCOLADO ans_ecc8b3ad-87fa-47ee-b4d5-b60cc86f4c78
EJECUTANDO:ans_ecc8b3ad-87fa-47ee-b4d5-b60cc86f4c78
573103888754:SUCCESS
573103888754:ENCOLADO ans_a577af19-d9e4-4396-997a-4019eb4c0b12
EJECUTANDO:ans_a577af19-d9e4-4396-997a-4019eb4c0b12
573103888754:SUCCESS
573103888754:ENCOLADO ans_4810eeaa-a2e4-4ebb-8f8e-fe9071f52031
EJECUTANDO:ans_4810eeaa-a2e4-4ebb-8f8e-fe9071f52031
573103888754:SUCCESS
573103888754:ENCOLADO ans_9a25ee99-691b-4b60-9350-a888c80adc86
EJECUTANDO:ans_9a25ee99-691b-4b60-9350-a888c80adc86
573103888754:SUCCESS
573103888754:ENCOLADO ans_9a25ee99-691b-4b60-9350-a888c80adc86
EJECUTANDO:ans_9a25ee99-691b-4b60-9350-a888c80adc86
573103888754:SUCCESS
573103888754:ENCOLADO ans_9a25ee99-691b-4b60-9350-a888c80adc86
EJECUTANDO:ans_9a25ee99-691b-4b60-9350-a888c80adc86
573103888754:SUCCESS
573103888754:ENCOLADO ans_c856416f-79f0-4355-9863-66ff3eec0de8
EJECUTANDO:ans_c856416f-79f0-4355-9863-66ff3eec0de8
573103888754:SUCCESS
573103888754:ENCOLADO ans_abad9242-a1fc-4dce-995d-d46ab1b7c90f
EJECUTANDO:ans_abad9242-a1fc-4dce-995d-d46ab1b7c90f
573103888754:SUCCESS
573103888754:ENCOLADO ans_367939de-9ca6-43e3-b0b4-6bd08fbd39eb
EJECUTANDO:ans_367939de-9ca6-43e3-b0b4-6bd08fbd39eb
573103888754:SUCCESS
573103888754:ENCOLADO ans_6f2c4e69-3ea1-46cb-bac6-9e499a09b058
EJECUTANDO:ans_6f2c4e69-3ea1-46cb-bac6-9e499a09b058
573103888754:SUCCESS
573103888754:ENCOLADO ans_afbe056b-4a47-49ac-b73b-3da5dde2ca57
EJECUTANDO:ans_afbe056b-4a47-49ac-b73b-3da5dde2ca57
573103888754:SUCCESS
573103888754:ENCOLADO ans_9a25ee99-691b-4b60-9350-a888c80adc86
EJECUTANDO:ans_9a25ee99-691b-4b60-9350-a888c80adc86
573103888754:SUCCESS
573103888754:ENCOLADO ans_9a25ee99-691b-4b60-9350-a888c80adc86
EJECUTANDO:ans_9a25ee99-691b-4b60-9350-a888c80adc86
573103888754:SUCCESS
573103888754:ENCOLADO ans_e01d3515-b5bf-4b9a-aa52-5472a3a9406c
EJECUTANDO:ans_e01d3515-b5bf-4b9a-aa52-5472a3a9406c
573103888754:SUCCESS
573103888754:ENCOLADO ans_9a25ee99-691b-4b60-9350-a888c80adc86
EJECUTANDO:ans_9a25ee99-691b-4b60-9350-a888c80adc86
573103888754:SUCCESS
573103888754:ENCOLADO ans_5b9b6dcd-909b-47cb-aa69-08094c7c7814
EJECUTANDO:ans_5b9b6dcd-909b-47cb-aa69-08094c7c7814
573103888754:SUCCESS
573103888754:ENCOLADO ans_174012d0-7c1b-4e46-a7e1-d1803a84d1e8
EJECUTANDO:ans_174012d0-7c1b-4e46-a7e1-d1803a84d1e8
573103888754:SUCCESS
573103888754:ENCOLADO ans_16059438-079e-46fb-a992-269f16d42249
EJECUTANDO:ans_16059438-079e-46fb-a992-269f16d42249
573103888754:SUCCESS
573103888754:ENCOLADO ans_fc96ed72-f979-414c-a52e-3aac4374abe8
EJECUTANDO:ans_fc96ed72-f979-414c-a52e-3aac4374abe8
573103888754:SUCCESS
573103888754:ENCOLADO ans_9a43a661-aae3-408f-8c90-e8339b9a522a
EJECUTANDO:ans_9a43a661-aae3-408f-8c90-e8339b9a522a
573103888754:SUCCESS
